SQL> cl scr
SQL> SELECT COUNT(*)
  2  FROM EMP
  3  WHERE SAL<2000 AND DEPTNO = 10;

  COUNT(*)                                                                      
----------                                                                      
         1                                                                      

SQL> SELECT SUM(SAL)
  2  FROM EMP
  3  WHERE JOB = 'CLERK';

  SUM(SAL)                                                                      
----------                                                                      
      4150                                                                      

SQL> SELECT AVG(SAL)
  2  FROM EMP;

  AVG(SAL)                                                                      
----------                                                                      
2073.21429                                                                      

SQL> SELECT COUNT(*)
  2  FROM EMP
  3  WHERE ENAME LIKE 'A%';

  COUNT(*)                                                                      
----------                                                                      
         2                                                                      

SQL> SELECT COUNT(*)
  2  FROM EMP
  3  WHERE JOB IN ('CLERK','MANAGER');

  COUNT(*)                                                                      
----------                                                                      
         7                                                                      

SQL> SELECT SUM(SAL)
  2  FROM EMP
  3  WHERE HIREDATE LIKE '%FEB%';

  SUM(SAL)                                                                      
----------                                                                      
      2850                                                                      

SQL> SELECT COUNT(*)
  2  FROM EMP
  3  WHERE MGR = 7839;

  COUNT(*)                                                                      
----------                                                                      
         3                                                                      

SQL> SELECT COUNT(*)
  2  FROM EMP
  3  WHERE COMM IS NOT NULL AND DEPTNO = 30;

  COUNT(*)                                                                      
----------                                                                      
         4                                                                      

SQL> SELECT AVGSAL
  2  
SQL> SELECT AVG(SAL),SUM(SAL),COUNT(*),MAX(SAL)
  2  FROM EMP
  3  WHERE JOB = 'PRESIDENT';

  AVG(SAL)   SUM(SAL)   COUNT(*)   MAX(SAL)                                     
---------- ---------- ---------- ----------                                     
      5000       5000          1       5000                                     

SQL> SELECT COUNT(*)
  2  FROM EMP
  3  WHERE ENAME LIKE '%A%';

  COUNT(*)                                                                      
----------                                                                      
         7                                                                      

SQL> SELECT COUNT(*),SUM(SAL)
  2  FROM EMP
  3  WHERE ENAME LIKE '%LL%';

  COUNT(*)   SUM(SAL)                                                           
---------- ----------                                                           
         2       2900                                                           

SQL> SELECT COUNT(DEPTNO)
  2  FROM EMP;

COUNT(DEPTNO)                                                                   
-------------                                                                   
           14                                                                   

SQL> SELECT COUNT(*)
  2  FROM EMP
  3  WHERE ENAME LIKE '%Z%';

  COUNT(*)                                                                      
----------                                                                      
         0                                                                      

SQL> SELECT COUNT(*)
  2  FROM EMP
  3  WHERE ENAME LIKE '%$%';

  COUNT(*)                                                                      
----------                                                                      
         0                                                                      

SQL> SELECT SUM(SAL)
  2  FROM EMP
  3  WHERE JOB = 'CLERK' AND DEPTNO=30;

  SUM(SAL)                                                                      
----------                                                                      
       950                                                                      

SQL> SELECT MAX(SAL)
  2  FROM EMP
  3  WHERE JOB = 'ANALYST';

  MAX(SAL)                                                                      
----------                                                                      
      3000                                                                      

SQL> SELECT [DISTINCT] COUNT(SAL)
  2  FROM EMP;
SELECT [DISTINCT] COUNT(SAL)
       *
ERROR at line 1:
ORA-00936: missing expression 


SQL> ED
Wrote file afiedt.buf

  1  SELECT DISTINCT COUNT(SAL)
  2* FROM EMP
SQL> /

COUNT(SAL)                                                                      
----------                                                                      
        14                                                                      

SQL> SELECT COUNT(JOB)
  2  FROM EMP;

COUNT(JOB)                                                                      
----------                                                                      
        14                                                                      

SQL> SELECT AVG(SAL)
  2  FROM EMP
  3  WHERE JOB = 'CLERK';

  AVG(SAL)                                                                      
----------                                                                      
    1037.5                                                                      

SQL> SELECT MIN(SAL)
  2  FROM EMP
  3  WHERE JOB IN ('MANAGER','CLERK') AND DEPTNO = 10;

  MIN(SAL)                                                                      
----------                                                                      
      1300                                                                      

SQL> SPOOL OFF
